[kamleshyadav.com/healthcare/healthcare/index.html]
[backblue.gif]
[fade.gif]
[index.html]
[kamleshyadav.com/healthcare/healthcare/assets/css/bootstrap.min.css]
[kamleshyadav.com/healthcare/healthcare/assets/css/swiper.min.css]
[kamleshyadav.com/healthcare/healthcare/assets/css/all.min.css]
[kamleshyadav.com/healthcare/healthcare/assets/css/font.css]
[kamleshyadav.com/healthcare/healthcare/assets/css/style.css]
[kamleshyadav.com/healthcare/healthcare/assets/images/hc-logo.svg]
[kamleshyadav.com/healthcare/healthcare/index_new.html]
[kamleshyadav.com/healthcare/healthcare/assets/images/001.png]
[kamleshyadav.com/healthcare/healthcare/assets/images/service-iocn1.png]
[kamleshyadav.com/healthcare/healthcare/assets/images/service-iocn2.png]
[kamleshyadav.com/healthcare/healthcare/assets/images/service-iocn3.png]
[kamleshyadav.com/healthcare/healthcare/assets/images/service-iocn4.png]
[kamleshyadav.com/healthcare/healthcare/assets/images/about.jpg]
[kamleshyadav.com/healthcare/healthcare/assets/images/hc-signature.png]
[kamleshyadav.com/healthcare/healthcare/assets/images/team1.jpg]
[kamleshyadav.com/healthcare/healthcare/assets/images/team2.jpg]
[kamleshyadav.com/healthcare/healthcare/assets/images/team3.jpg]
[kamleshyadav.com/healthcare/healthcare/assets/images/team4.jpg]
[kamleshyadav.com/healthcare/healthcare/assets/images/team5.jpg]
[kamleshyadav.com/healthcare/healthcare/assets/images/team6.jpg]
[kamleshyadav.com/healthcare/healthcare/assets/images/team7.jpg]
[kamleshyadav.com/healthcare/healthcare/assets/images/team8.jpg]
[kamleshyadav.com/healthcare/healthcare/assets/images/counter1.png]
[kamleshyadav.com/healthcare/healthcare/assets/images/counter2.png]
[kamleshyadav.com/healthcare/healthcare/assets/images/counter3.png]
[kamleshyadav.com/healthcare/healthcare/assets/images/counter4.png]
[kamleshyadav.com/healthcare/healthcare/assets/images/map.png]
[kamleshyadav.com/healthcare/healthcare/assets/images/blog1.jpg]
[kamleshyadav.com/healthcare/healthcare/assets/images/blog2.jpg]
[kamleshyadav.com/healthcare/healthcare/assets/images/blog3.jpg]
[kamleshyadav.com/healthcare/healthcare/assets/images/hc-logo-white.svg]
[kamleshyadav.com/healthcare/healthcare/assets/js/jquery.min.js]
[kamleshyadav.com/healthcare/healthcare/assets/js/bootstrap.min.js]
[kamleshyadav.com/healthcare/healthcare/assets/js/isotope.pkgd.min.js]
[kamleshyadav.com/healthcare/healthcare/assets/js/SmoothScroll.min.js]
[kamleshyadav.com/healthcare/healthcare/assets/js/custom.js]
[kamleshyadav.com/healthcare/healthcare/index.html]
[kamleshyadav.com/healthcare/healthcare/assets/css/bootstrap.min.css]
[kamleshyadav.com/healthcare/healthcare/assets/css/swiper.min.css]
[kamleshyadav.com/healthcare/healthcare/assets/webfonts/fa-brands-400.eot]
[kamleshyadav.com/healthcare/healthcare/assets/js/swiper.min.js]
[kamleshyadav.com/healthcare/healthcare/assets/webfonts/fa-brands-400.woff2]
[kamleshyadav.com/healthcare/healthcare/assets/webfonts/fa-brands-400d41d.eot]
[kamleshyadav.com/healthcare/healthcare/assets/webfonts/fa-brands-400.woff]
[kamleshyadav.com/healthcare/healthcare/assets/webfonts/fa-brands-400.ttf]
[kamleshyadav.com/healthcare/healthcare/assets/webfonts/fa-brands-400.svg]
[kamleshyadav.com/healthcare/healthcare/assets/webfonts/fa-regular-400.eot]
[kamleshyadav.com/healthcare/healthcare/assets/webfonts/fa-regular-400.woff2]
[kamleshyadav.com/healthcare/healthcare/assets/webfonts/fa-regular-400d41d.eot]
[kamleshyadav.com/healthcare/healthcare/assets/webfonts/fa-regular-400.woff]
[kamleshyadav.com/healthcare/healthcare/assets/webfonts/fa-regular-400.ttf]
[kamleshyadav.com/healthcare/healthcare/assets/webfonts/fa-regular-400.svg]
[kamleshyadav.com/healthcare/healthcare/assets/webfonts/fa-solid-900.eot]
[kamleshyadav.com/healthcare/healthcare/assets/webfonts/fa-solid-900.woff2]
[kamleshyadav.com/healthcare/healthcare/assets/webfonts/fa-solid-900d41d.eot]
[kamleshyadav.com/healthcare/healthcare/assets/webfonts/fa-solid-900.woff]
[kamleshyadav.com/healthcare/healthcare/assets/webfonts/fa-solid-900.ttf]
[kamleshyadav.com/healthcare/healthcare/assets/css/all.min.css]
[kamleshyadav.com/healthcare/healthcare/assets/css/font.css]
[kamleshyadav.com/healthcare/healthcare/assets/css/style.css]
[kamleshyadav.com/healthcare/healthcare/assets/images/hc-logo.svg]
[kamleshyadav.com/healthcare/healthcare/index_new.html]
[kamleshyadav.com/healthcare/healthcare/assets/images/hc-logo-white.svg]
[kamleshyadav.com/healthcare/healthcare/assets/webfonts/fa-brands-400.svg]
[kamleshyadav.com/healthcare/healthcare/assets/webfonts/fa-regular-400.svg]
[kamleshyadav.com/healthcare/healthcare/assets/webfonts/fa-solid-900.svg]
[kamleshyadav.com/healthcare/healthcare/assets/webfonts/fa-solid-900.svg]
